// Jest Snapshot v1, https://goo.gl/fbAQLP

exports[`ui/settings/settingtextfield should construct 1`] = `null`;
