// Jest Snapshot v1, https://goo.gl/fbAQLP

exports[`lib/identitydropdown should render 1`] = `
<div
  className="msla-identity-dropdown-container"
>
  <label
    className="ms-Label msla-identity-dropdown-label root-109"
  >
    Managed identity
  </label>
  <div
    className="ms-Dropdown-container"
  >
    <div
      aria-disabled={false}
      aria-expanded="false"
      aria-haspopup="listbox"
      aria-label="Managed identity"
      className="ms-Dropdown dropdown-110"
      data-is-focusable={true}
      data-ktp-target={true}
      id="Dropdown0"
      onBlur={[Function]}
      onChange={[MockFunction]}
      onClick={[Function]}
      onFocus={[Function]}
      onKeyDown={[Function]}
      onKeyUp={[Function]}
      onMouseDown={[Function]}
      role="combobox"
      tabIndex={0}
    >
      <span
        aria-invalid={false}
        className="ms-Dropdown-title ms-Dropdown-titleIsPlaceHolder title-111"
        id="Dropdown0-option"
      >
        Select a managed identity
      </span>
      <span
        className="ms-Dropdown-caretDownWrapper caretDownWrapper-112"
      >
        <i
          aria-hidden={true}
          className="ms-Dropdown-caretDown caretDown-126"
          data-icon-name="ChevronDown"
        />
      </span>
    </div>
  </div>
</div>
`;
