// Vitest Snapshot v1, https://vitest.dev/guide/snapshot.html

exports[`recommendation panel > renders connector card 1`] = `
<button
  className="msla-connector-summary-card"
  onClick={[Function]}
>
  <Content />
</button>
`;
