// Jest Snapshot v1, https://goo.gl/fbAQLP

exports[`elklayout elkLayout layout should be deterministic 1`] = `
Object {
  "$H": 13,
  "children": Array [
    Object {
      "$H": 277,
      "height": 40,
      "id": "manual",
      "width": 200,
      "x": 174,
      "y": 0,
    },
    Object {
      "$H": 279,
      "height": 40,
      "id": "Increment_variable",
      "width": 200,
      "x": 174,
      "y": 208,
    },
    Object {
      "$H": 281,
      "height": 40,
      "id": "Initialize_variable",
      "width": 200,
      "x": 174,
      "y": 104,
    },
    Object {
      "$H": 283,
      "children": Array [
        Object {
          "$H": 285,
          "children": Array [
            Object {
              "$H": 287,
              "height": 40,
              "id": "Increment_variable2",
              "width": 200,
              "x": 16,
              "y": 0,
            },
            Object {
              "$H": 289,
              "height": 40,
              "id": "Increment_variable4",
              "width": 200,
              "x": 16,
              "y": 104,
            },
          ],
          "edges": Array [
            Object {
              "container": "ActionIf-actions",
              "id": "Increment_variable2-Increment_variable4",
              "layoutOptions": Object {
                "edgeType": "BUTTON_EDGE",
              },
              "sections": Array [
                Object {
                  "endPoint": Object {
                    "x": 116,
                    "y": 104,
                  },
                  "id": "Increment_variable2-Increment_variable4_s0",
                  "incomingShape": "Increment_variable2",
                  "outgoingShape": "Increment_variable4",
                  "startPoint": Object {
                    "x": 116,
                    "y": 40,
                  },
                },
              ],
              "sources": Array [
                "Increment_variable2",
              ],
              "targets": Array [
                "Increment_variable4",
              ],
            },
          ],
          "height": 160,
          "id": "ActionIf-actions",
          "width": 232,
          "x": 16,
          "y": 0,
        },
        Object {
          "$H": 291,
          "children": Array [
            Object {
              "$H": 293,
              "height": 40,
              "id": "Increment_variable3",
              "layoutOptions": Object {
                "nodeType": "OPERATION_NODE",
              },
              "width": 200,
              "x": 16,
              "y": 0,
            },
          ],
          "edges": Array [],
          "height": 56,
          "id": "ActionIf-elseActions",
          "width": 232,
          "x": 268,
          "y": 0,
        },
      ],
      "height": 176,
      "id": "ActionIf",
      "width": 516,
      "x": 16,
      "y": 312,
    },
    Object {
      "$H": 295,
      "height": 40,
      "id": "Response",
      "width": 200,
      "x": 174,
      "y": 552,
    },
  ],
  "edges": Array [
    Object {
      "container": "root",
      "id": "manual-Initialize_variable",
      "layoutOptions": Object {
        "edgeType": "BUTTON_EDGE",
      },
      "sections": Array [
        Object {
          "endPoint": Object {
            "x": 274,
            "y": 104,
          },
          "id": "manual-Initialize_variable_s0",
          "incomingShape": "manual",
          "outgoingShape": "Initialize_variable",
          "startPoint": Object {
            "x": 274,
            "y": 40,
          },
        },
      ],
      "sources": Array [
        "manual",
      ],
      "targets": Array [
        "Initialize_variable",
      ],
    },
    Object {
      "container": "root",
      "id": "Initialize_variable-Increment_variable",
      "layoutOptions": Object {
        "edgeType": "BUTTON_EDGE",
      },
      "sections": Array [
        Object {
          "endPoint": Object {
            "x": 274,
            "y": 208,
          },
          "id": "Initialize_variable-Increment_variable_s0",
          "incomingShape": "Initialize_variable",
          "outgoingShape": "Increment_variable",
          "startPoint": Object {
            "x": 274,
            "y": 144,
          },
        },
      ],
      "sources": Array [
        "Initialize_variable",
      ],
      "targets": Array [
        "Increment_variable",
      ],
    },
    Object {
      "container": "root",
      "id": "Increment_variable-ActionIf",
      "layoutOptions": Object {
        "edgeType": "BUTTON_EDGE",
      },
      "sections": Array [
        Object {
          "endPoint": Object {
            "x": 274,
            "y": 312,
          },
          "id": "Increment_variable-ActionIf_s0",
          "incomingShape": "Increment_variable",
          "outgoingShape": "ActionIf",
          "startPoint": Object {
            "x": 274,
            "y": 248,
          },
        },
      ],
      "sources": Array [
        "Increment_variable",
      ],
      "targets": Array [
        "ActionIf",
      ],
    },
    Object {
      "container": "root",
      "id": "ActionIf-Response",
      "layoutOptions": Object {
        "edgeType": "BUTTON_EDGE",
      },
      "sections": Array [
        Object {
          "endPoint": Object {
            "x": 274,
            "y": 552,
          },
          "id": "ActionIf-Response_s0",
          "incomingShape": "ActionIf",
          "outgoingShape": "Response",
          "startPoint": Object {
            "x": 274,
            "y": 488,
          },
        },
      ],
      "sources": Array [
        "ActionIf",
      ],
      "targets": Array [
        "Response",
      ],
    },
  ],
  "height": 640,
  "id": "root",
  "layoutOptions": Object {
    "elk.padding": "[top=0,left=16,bottom=48,right=16]",
    "elk.position": "(0, 0)",
    "nodeType": "GRAPH_NODE",
  },
  "width": 548,
  "x": 0,
  "y": 0,
}
`;
