// Vitest Snapshot v1, https://vitest.dev/guide/snapshot.html

exports[`ui/workflowparameters/workflowparameters > should construct. 1`] = `
<div
  className="msla-workflow-parameters"
>
  <div
    className="msla-workflow-parameters-heading"
  >
    <Text
      variant="xLarge"
    >
      Parameters
    </Text>
    <CustomizedIconButton
      iconProps={
        {
          "iconName": "Cancel",
        }
      }
      onClick={[Function]}
    />
  </div>
  <InfoBar
    isInverted={false}
  />
  <div
    className="msla-workflow-parameters-add"
  >
    <CustomizedCommandBarButton
      iconProps={
        {
          "iconName": "Add",
        }
      }
      onClick={[Function]}
      text="Create parameter"
    />
  </div>
  <List
    items={
      [
        {
          "id": "test1",
          "isEditable": true,
          "name": "test",
          "type": "Bool",
          "value": "true",
        },
        {
          "id": "test2",
          "isEditable": false,
          "name": "test2",
          "type": "Object",
          "value": "{}",
        },
      ]
    }
    onRenderCell={[Function]}
    renderedWindowsAhead={2}
    renderedWindowsBehind={2}
    startIndex={0}
  />
</div>
`;
