// Vitest Snapshot v1, https://vitest.dev/guide/snapshot.html

exports[`TimelineButtons > should render collapsed (not expanded) 1`] = `
<div
  className="flex-col"
>
  <button
    className="fui-Button r1alrhcs nav-button ___18vzs3l_jbqu760 fhovq9v f1p3nwhy f11589ue f1q5o8ev f1pdflbu fkfq4zb f1t94bn6 f1s2uweq fr80ssc f1ukrpxl fecsdlb fnwyq0v ft1hn21 fuxngvv fy5bs14 fsv2rcd f1h0usnq fs4ktlq f16h9ulv fx2bmrt f1omzyqd f1dfjoow f1j98vj9 fj8yq94 f4xjyn1 f1et0tmh f9ddjv3 f1wi8ngl f44lkw9 f1062rbf f18ktai2 fwbmr0d f44c6la"
    disabled={false}
    onClick={[Function]}
    type="button"
  >
    <span
      className="fui-Button__icon rywnvv2"
    >
      <svg
        aria-hidden={true}
        className="fui-Icon-filled ___1vjqft9_1uxjcqz fjseox fez10in fg4l7m0"
        fill="currentColor"
        height="1em"
        viewBox="0 0 20 20"
        width="1em"
        xmlns="http://www.w3.org/2000/svg"
      >
        <path
          d="M4.2 12.27a.75.75 0 0 1 .03-1.06l5.25-5a.75.75 0 0 1 1.04 0l5.25 5a.75.75 0 0 1-1.04 1.08L10 7.8l-4.73 4.5a.75.75 0 0 1-1.06-.02Z"
          fill="currentColor"
        />
      </svg>
      <svg
        aria-hidden={true}
        className="fui-Icon-regular ___12fm75w_1vnroxd f1w7gpdv fez10in fg4l7m0"
        fill="currentColor"
        height="1em"
        viewBox="0 0 20 20"
        width="1em"
        xmlns="http://www.w3.org/2000/svg"
      >
        <path
          d="M4.15 12.35a.5.5 0 0 1 0-.7L9.6 6.16a.55.55 0 0 1 .78 0l5.46 5.49a.5.5 0 0 1-.7.7L10 7.2l-5.15 5.16a.5.5 0 0 1-.7 0Z"
          fill="currentColor"
        />
      </svg>
    </span>
  </button>
  <button
    className="fui-Button r1alrhcs nav-button ___18vzs3l_jbqu760 fhovq9v f1p3nwhy f11589ue f1q5o8ev f1pdflbu fkfq4zb f1t94bn6 f1s2uweq fr80ssc f1ukrpxl fecsdlb fnwyq0v ft1hn21 fuxngvv fy5bs14 fsv2rcd f1h0usnq fs4ktlq f16h9ulv fx2bmrt f1omzyqd f1dfjoow f1j98vj9 fj8yq94 f4xjyn1 f1et0tmh f9ddjv3 f1wi8ngl f44lkw9 f1062rbf f18ktai2 fwbmr0d f44c6la"
    disabled={false}
    onClick={[Function]}
    type="button"
  >
    <span
      className="fui-Button__icon rywnvv2"
    >
      <svg
        aria-hidden={true}
        className="fui-Icon-filled ___1vjqft9_1uxjcqz fjseox fez10in fg4l7m0"
        fill="currentColor"
        height="1em"
        viewBox="0 0 20 20"
        width="1em"
        xmlns="http://www.w3.org/2000/svg"
      >
        <path
          d="M15.8 7.73c.28.3.27.78-.03 1.06l-5.25 5a.75.75 0 0 1-1.04 0l-5.25-5a.75.75 0 0 1 1.04-1.08L10 12.2l4.73-4.5a.75.75 0 0 1 1.06.02Z"
          fill="currentColor"
        />
      </svg>
      <svg
        aria-hidden={true}
        className="fui-Icon-regular ___12fm75w_1vnroxd f1w7gpdv fez10in fg4l7m0"
        fill="currentColor"
        height="1em"
        viewBox="0 0 20 20"
        width="1em"
        xmlns="http://www.w3.org/2000/svg"
      >
        <path
          d="M15.85 7.65c.2.2.2.5 0 .7l-5.46 5.49a.55.55 0 0 1-.78 0L4.15 8.35a.5.5 0 1 1 .7-.7L10 12.8l5.15-5.16c.2-.2.5-.2.7 0Z"
          fill="currentColor"
        />
      </svg>
    </span>
  </button>
</div>
`;

exports[`TimelineButtons > should render with default props 1`] = `
<div
  className="flex-col"
>
  <button
    className="fui-Button r1alrhcs nav-button ___1k7dwzu_lfpta40 fhovq9v f1p3nwhy f11589ue f1q5o8ev f1pdflbu fkfq4zb f1t94bn6 f1s2uweq fr80ssc f1ukrpxl fecsdlb fnwyq0v ft1hn21 fuxngvv fy5bs14 fsv2rcd f1h0usnq fs4ktlq f16h9ulv fx2bmrt f1omzyqd f1dfjoow f1j98vj9 fj8yq94 f4xjyn1 f1et0tmh f9ddjv3 f1wi8ngl f44lkw9 f1062rbf"
    disabled={false}
    onClick={[Function]}
    type="button"
  >
    <span
      className="fui-Button__icon rywnvv2 ___963sj20_1qpm2bl f1nizpg2"
    >
      <svg
        aria-hidden={true}
        className="fui-Icon-filled ___1vjqft9_1uxjcqz fjseox fez10in fg4l7m0"
        fill="currentColor"
        height="1em"
        viewBox="0 0 20 20"
        width="1em"
        xmlns="http://www.w3.org/2000/svg"
      >
        <path
          d="M4.2 12.27a.75.75 0 0 1 .03-1.06l5.25-5a.75.75 0 0 1 1.04 0l5.25 5a.75.75 0 0 1-1.04 1.08L10 7.8l-4.73 4.5a.75.75 0 0 1-1.06-.02Z"
          fill="currentColor"
        />
      </svg>
      <svg
        aria-hidden={true}
        className="fui-Icon-regular ___12fm75w_1vnroxd f1w7gpdv fez10in fg4l7m0"
        fill="currentColor"
        height="1em"
        viewBox="0 0 20 20"
        width="1em"
        xmlns="http://www.w3.org/2000/svg"
      >
        <path
          d="M4.15 12.35a.5.5 0 0 1 0-.7L9.6 6.16a.55.55 0 0 1 .78 0l5.46 5.49a.5.5 0 0 1-.7.7L10 7.2l-5.15 5.16a.5.5 0 0 1-.7 0Z"
          fill="currentColor"
        />
      </svg>
    </span>
    Previous task
  </button>
  <button
    className="fui-Button r1alrhcs nav-button ___1k7dwzu_lfpta40 fhovq9v f1p3nwhy f11589ue f1q5o8ev f1pdflbu fkfq4zb f1t94bn6 f1s2uweq fr80ssc f1ukrpxl fecsdlb fnwyq0v ft1hn21 fuxngvv fy5bs14 fsv2rcd f1h0usnq fs4ktlq f16h9ulv fx2bmrt f1omzyqd f1dfjoow f1j98vj9 fj8yq94 f4xjyn1 f1et0tmh f9ddjv3 f1wi8ngl f44lkw9 f1062rbf"
    disabled={false}
    onClick={[Function]}
    type="button"
  >
    <span
      className="fui-Button__icon rywnvv2 ___963sj20_1qpm2bl f1nizpg2"
    >
      <svg
        aria-hidden={true}
        className="fui-Icon-filled ___1vjqft9_1uxjcqz fjseox fez10in fg4l7m0"
        fill="currentColor"
        height="1em"
        viewBox="0 0 20 20"
        width="1em"
        xmlns="http://www.w3.org/2000/svg"
      >
        <path
          d="M15.8 7.73c.28.3.27.78-.03 1.06l-5.25 5a.75.75 0 0 1-1.04 0l-5.25-5a.75.75 0 0 1 1.04-1.08L10 12.2l4.73-4.5a.75.75 0 0 1 1.06.02Z"
          fill="currentColor"
        />
      </svg>
      <svg
        aria-hidden={true}
        className="fui-Icon-regular ___12fm75w_1vnroxd f1w7gpdv fez10in fg4l7m0"
        fill="currentColor"
        height="1em"
        viewBox="0 0 20 20"
        width="1em"
        xmlns="http://www.w3.org/2000/svg"
      >
        <path
          d="M15.85 7.65c.2.2.2.5 0 .7l-5.46 5.49a.55.55 0 0 1-.78 0L4.15 8.35a.5.5 0 1 1 .7-.7L10 12.8l5.15-5.16c.2-.2.5-.2.7 0Z"
          fill="currentColor"
        />
      </svg>
    </span>
    Next task
  </button>
</div>
`;

exports[`TimelineButtons > should render with disabled buttons when fetching repetitions 1`] = `
<div
  className="flex-col"
>
  <button
    className="fui-Button r1alrhcs nav-button ___2wxle20_kbb1rc0 f1c21dwh f1p3nwhy f11589ue f1q5o8ev f1pdflbu f1s2aq7o f9ql6rf f1s2uweq fr80ssc f1ukrpxl fecsdlb fvgxktp f19vpps7 fv5swzo f1al02dq f3h1zc4 f1h0usnq fs4ktlq f16h9ulv fx2bmrt fcvwxyo f1ol4fw6 f1q1lw4e f1dwjv2g f1kc2mi9 f4dhi0o fb3rf2x fequ9m0 f44lkw9 fdrzuqr f15x8b5r fphbwmw f8w4c43 f4lkoma fg455y9 f1rvyvqg f1cwzwz f14g86mu f1dcs8yz fuigjrg fjwq6ea f1lr3nhc fn5gmvv f1mbxvi6 f1vmkb5g f53ppgq f1663y11 f18v5270 f80fkiy f1y0svfh fihuait fnxhupq fx507ft fyd6l6x f1062rbf"
    disabled={true}
    onClick={[Function]}
    type="button"
  >
    <span
      className="fui-Button__icon rywnvv2 ___963sj20_1qpm2bl f1nizpg2"
    >
      <svg
        aria-hidden={true}
        className="fui-Icon-filled ___1vjqft9_1uxjcqz fjseox fez10in fg4l7m0"
        fill="currentColor"
        height="1em"
        viewBox="0 0 20 20"
        width="1em"
        xmlns="http://www.w3.org/2000/svg"
      >
        <path
          d="M4.2 12.27a.75.75 0 0 1 .03-1.06l5.25-5a.75.75 0 0 1 1.04 0l5.25 5a.75.75 0 0 1-1.04 1.08L10 7.8l-4.73 4.5a.75.75 0 0 1-1.06-.02Z"
          fill="currentColor"
        />
      </svg>
      <svg
        aria-hidden={true}
        className="fui-Icon-regular ___12fm75w_1vnroxd f1w7gpdv fez10in fg4l7m0"
        fill="currentColor"
        height="1em"
        viewBox="0 0 20 20"
        width="1em"
        xmlns="http://www.w3.org/2000/svg"
      >
        <path
          d="M4.15 12.35a.5.5 0 0 1 0-.7L9.6 6.16a.55.55 0 0 1 .78 0l5.46 5.49a.5.5 0 0 1-.7.7L10 7.2l-5.15 5.16a.5.5 0 0 1-.7 0Z"
          fill="currentColor"
        />
      </svg>
    </span>
    Previous task
  </button>
  <button
    className="fui-Button r1alrhcs nav-button ___2wxle20_kbb1rc0 f1c21dwh f1p3nwhy f11589ue f1q5o8ev f1pdflbu f1s2aq7o f9ql6rf f1s2uweq fr80ssc f1ukrpxl fecsdlb fvgxktp f19vpps7 fv5swzo f1al02dq f3h1zc4 f1h0usnq fs4ktlq f16h9ulv fx2bmrt fcvwxyo f1ol4fw6 f1q1lw4e f1dwjv2g f1kc2mi9 f4dhi0o fb3rf2x fequ9m0 f44lkw9 fdrzuqr f15x8b5r fphbwmw f8w4c43 f4lkoma fg455y9 f1rvyvqg f1cwzwz f14g86mu f1dcs8yz fuigjrg fjwq6ea f1lr3nhc fn5gmvv f1mbxvi6 f1vmkb5g f53ppgq f1663y11 f18v5270 f80fkiy f1y0svfh fihuait fnxhupq fx507ft fyd6l6x f1062rbf"
    disabled={true}
    onClick={[Function]}
    type="button"
  >
    <span
      className="fui-Button__icon rywnvv2 ___963sj20_1qpm2bl f1nizpg2"
    >
      <svg
        aria-hidden={true}
        className="fui-Icon-filled ___1vjqft9_1uxjcqz fjseox fez10in fg4l7m0"
        fill="currentColor"
        height="1em"
        viewBox="0 0 20 20"
        width="1em"
        xmlns="http://www.w3.org/2000/svg"
      >
        <path
          d="M15.8 7.73c.28.3.27.78-.03 1.06l-5.25 5a.75.75 0 0 1-1.04 0l-5.25-5a.75.75 0 0 1 1.04-1.08L10 12.2l4.73-4.5a.75.75 0 0 1 1.06.02Z"
          fill="currentColor"
        />
      </svg>
      <svg
        aria-hidden={true}
        className="fui-Icon-regular ___12fm75w_1vnroxd f1w7gpdv fez10in fg4l7m0"
        fill="currentColor"
        height="1em"
        viewBox="0 0 20 20"
        width="1em"
        xmlns="http://www.w3.org/2000/svg"
      >
        <path
          d="M15.85 7.65c.2.2.2.5 0 .7l-5.46 5.49a.55.55 0 0 1-.78 0L4.15 8.35a.5.5 0 1 1 .7-.7L10 12.8l5.15-5.16c.2-.2.5-.2.7 0Z"
          fill="currentColor"
        />
      </svg>
    </span>
    Next task
  </button>
</div>
`;

exports[`TimelineButtons > should render with disabled buttons when no repetitions 1`] = `
<div
  className="flex-col"
>
  <button
    className="fui-Button r1alrhcs nav-button ___2wxle20_kbb1rc0 f1c21dwh f1p3nwhy f11589ue f1q5o8ev f1pdflbu f1s2aq7o f9ql6rf f1s2uweq fr80ssc f1ukrpxl fecsdlb fvgxktp f19vpps7 fv5swzo f1al02dq f3h1zc4 f1h0usnq fs4ktlq f16h9ulv fx2bmrt fcvwxyo f1ol4fw6 f1q1lw4e f1dwjv2g f1kc2mi9 f4dhi0o fb3rf2x fequ9m0 f44lkw9 fdrzuqr f15x8b5r fphbwmw f8w4c43 f4lkoma fg455y9 f1rvyvqg f1cwzwz f14g86mu f1dcs8yz fuigjrg fjwq6ea f1lr3nhc fn5gmvv f1mbxvi6 f1vmkb5g f53ppgq f1663y11 f18v5270 f80fkiy f1y0svfh fihuait fnxhupq fx507ft fyd6l6x f1062rbf"
    disabled={true}
    onClick={[Function]}
    type="button"
  >
    <span
      className="fui-Button__icon rywnvv2 ___963sj20_1qpm2bl f1nizpg2"
    >
      <svg
        aria-hidden={true}
        className="fui-Icon-filled ___1vjqft9_1uxjcqz fjseox fez10in fg4l7m0"
        fill="currentColor"
        height="1em"
        viewBox="0 0 20 20"
        width="1em"
        xmlns="http://www.w3.org/2000/svg"
      >
        <path
          d="M4.2 12.27a.75.75 0 0 1 .03-1.06l5.25-5a.75.75 0 0 1 1.04 0l5.25 5a.75.75 0 0 1-1.04 1.08L10 7.8l-4.73 4.5a.75.75 0 0 1-1.06-.02Z"
          fill="currentColor"
        />
      </svg>
      <svg
        aria-hidden={true}
        className="fui-Icon-regular ___12fm75w_1vnroxd f1w7gpdv fez10in fg4l7m0"
        fill="currentColor"
        height="1em"
        viewBox="0 0 20 20"
        width="1em"
        xmlns="http://www.w3.org/2000/svg"
      >
        <path
          d="M4.15 12.35a.5.5 0 0 1 0-.7L9.6 6.16a.55.55 0 0 1 .78 0l5.46 5.49a.5.5 0 0 1-.7.7L10 7.2l-5.15 5.16a.5.5 0 0 1-.7 0Z"
          fill="currentColor"
        />
      </svg>
    </span>
    Previous task
  </button>
  <button
    className="fui-Button r1alrhcs nav-button ___2wxle20_kbb1rc0 f1c21dwh f1p3nwhy f11589ue f1q5o8ev f1pdflbu f1s2aq7o f9ql6rf f1s2uweq fr80ssc f1ukrpxl fecsdlb fvgxktp f19vpps7 fv5swzo f1al02dq f3h1zc4 f1h0usnq fs4ktlq f16h9ulv fx2bmrt fcvwxyo f1ol4fw6 f1q1lw4e f1dwjv2g f1kc2mi9 f4dhi0o fb3rf2x fequ9m0 f44lkw9 fdrzuqr f15x8b5r fphbwmw f8w4c43 f4lkoma fg455y9 f1rvyvqg f1cwzwz f14g86mu f1dcs8yz fuigjrg fjwq6ea f1lr3nhc fn5gmvv f1mbxvi6 f1vmkb5g f53ppgq f1663y11 f18v5270 f80fkiy f1y0svfh fihuait fnxhupq fx507ft fyd6l6x f1062rbf"
    disabled={true}
    onClick={[Function]}
    type="button"
  >
    <span
      className="fui-Button__icon rywnvv2 ___963sj20_1qpm2bl f1nizpg2"
    >
      <svg
        aria-hidden={true}
        className="fui-Icon-filled ___1vjqft9_1uxjcqz fjseox fez10in fg4l7m0"
        fill="currentColor"
        height="1em"
        viewBox="0 0 20 20"
        width="1em"
        xmlns="http://www.w3.org/2000/svg"
      >
        <path
          d="M15.8 7.73c.28.3.27.78-.03 1.06l-5.25 5a.75.75 0 0 1-1.04 0l-5.25-5a.75.75 0 0 1 1.04-1.08L10 12.2l4.73-4.5a.75.75 0 0 1 1.06.02Z"
          fill="currentColor"
        />
      </svg>
      <svg
        aria-hidden={true}
        className="fui-Icon-regular ___12fm75w_1vnroxd f1w7gpdv fez10in fg4l7m0"
        fill="currentColor"
        height="1em"
        viewBox="0 0 20 20"
        width="1em"
        xmlns="http://www.w3.org/2000/svg"
      >
        <path
          d="M15.85 7.65c.2.2.2.5 0 .7l-5.46 5.49a.55.55 0 0 1-.78 0L4.15 8.35a.5.5 0 1 1 .7-.7L10 12.8l5.15-5.16c.2-.2.5-.2.7 0Z"
          fill="currentColor"
        />
      </svg>
    </span>
    Next task
  </button>
</div>
`;

exports[`TimelineButtons > should render with disabled next button at last task 1`] = `
<div
  className="flex-col"
>
  <button
    className="fui-Button r1alrhcs nav-button ___1k7dwzu_lfpta40 fhovq9v f1p3nwhy f11589ue f1q5o8ev f1pdflbu fkfq4zb f1t94bn6 f1s2uweq fr80ssc f1ukrpxl fecsdlb fnwyq0v ft1hn21 fuxngvv fy5bs14 fsv2rcd f1h0usnq fs4ktlq f16h9ulv fx2bmrt f1omzyqd f1dfjoow f1j98vj9 fj8yq94 f4xjyn1 f1et0tmh f9ddjv3 f1wi8ngl f44lkw9 f1062rbf"
    disabled={false}
    onClick={[Function]}
    type="button"
  >
    <span
      className="fui-Button__icon rywnvv2 ___963sj20_1qpm2bl f1nizpg2"
    >
      <svg
        aria-hidden={true}
        className="fui-Icon-filled ___1vjqft9_1uxjcqz fjseox fez10in fg4l7m0"
        fill="currentColor"
        height="1em"
        viewBox="0 0 20 20"
        width="1em"
        xmlns="http://www.w3.org/2000/svg"
      >
        <path
          d="M4.2 12.27a.75.75 0 0 1 .03-1.06l5.25-5a.75.75 0 0 1 1.04 0l5.25 5a.75.75 0 0 1-1.04 1.08L10 7.8l-4.73 4.5a.75.75 0 0 1-1.06-.02Z"
          fill="currentColor"
        />
      </svg>
      <svg
        aria-hidden={true}
        className="fui-Icon-regular ___12fm75w_1vnroxd f1w7gpdv fez10in fg4l7m0"
        fill="currentColor"
        height="1em"
        viewBox="0 0 20 20"
        width="1em"
        xmlns="http://www.w3.org/2000/svg"
      >
        <path
          d="M4.15 12.35a.5.5 0 0 1 0-.7L9.6 6.16a.55.55 0 0 1 .78 0l5.46 5.49a.5.5 0 0 1-.7.7L10 7.2l-5.15 5.16a.5.5 0 0 1-.7 0Z"
          fill="currentColor"
        />
      </svg>
    </span>
    Previous task
  </button>
  <button
    className="fui-Button r1alrhcs nav-button ___2wxle20_kbb1rc0 f1c21dwh f1p3nwhy f11589ue f1q5o8ev f1pdflbu f1s2aq7o f9ql6rf f1s2uweq fr80ssc f1ukrpxl fecsdlb fvgxktp f19vpps7 fv5swzo f1al02dq f3h1zc4 f1h0usnq fs4ktlq f16h9ulv fx2bmrt fcvwxyo f1ol4fw6 f1q1lw4e f1dwjv2g f1kc2mi9 f4dhi0o fb3rf2x fequ9m0 f44lkw9 fdrzuqr f15x8b5r fphbwmw f8w4c43 f4lkoma fg455y9 f1rvyvqg f1cwzwz f14g86mu f1dcs8yz fuigjrg fjwq6ea f1lr3nhc fn5gmvv f1mbxvi6 f1vmkb5g f53ppgq f1663y11 f18v5270 f80fkiy f1y0svfh fihuait fnxhupq fx507ft fyd6l6x f1062rbf"
    disabled={true}
    onClick={[Function]}
    type="button"
  >
    <span
      className="fui-Button__icon rywnvv2 ___963sj20_1qpm2bl f1nizpg2"
    >
      <svg
        aria-hidden={true}
        className="fui-Icon-filled ___1vjqft9_1uxjcqz fjseox fez10in fg4l7m0"
        fill="currentColor"
        height="1em"
        viewBox="0 0 20 20"
        width="1em"
        xmlns="http://www.w3.org/2000/svg"
      >
        <path
          d="M15.8 7.73c.28.3.27.78-.03 1.06l-5.25 5a.75.75 0 0 1-1.04 0l-5.25-5a.75.75 0 0 1 1.04-1.08L10 12.2l4.73-4.5a.75.75 0 0 1 1.06.02Z"
          fill="currentColor"
        />
      </svg>
      <svg
        aria-hidden={true}
        className="fui-Icon-regular ___12fm75w_1vnroxd f1w7gpdv fez10in fg4l7m0"
        fill="currentColor"
        height="1em"
        viewBox="0 0 20 20"
        width="1em"
        xmlns="http://www.w3.org/2000/svg"
      >
        <path
          d="M15.85 7.65c.2.2.2.5 0 .7l-5.46 5.49a.55.55 0 0 1-.78 0L4.15 8.35a.5.5 0 1 1 .7-.7L10 12.8l5.15-5.16c.2-.2.5-.2.7 0Z"
          fill="currentColor"
        />
      </svg>
    </span>
    Next task
  </button>
</div>
`;

exports[`TimelineButtons > should render with disabled previous button at first task 1`] = `
<div
  className="flex-col"
>
  <button
    className="fui-Button r1alrhcs nav-button ___2wxle20_kbb1rc0 f1c21dwh f1p3nwhy f11589ue f1q5o8ev f1pdflbu f1s2aq7o f9ql6rf f1s2uweq fr80ssc f1ukrpxl fecsdlb fvgxktp f19vpps7 fv5swzo f1al02dq f3h1zc4 f1h0usnq fs4ktlq f16h9ulv fx2bmrt fcvwxyo f1ol4fw6 f1q1lw4e f1dwjv2g f1kc2mi9 f4dhi0o fb3rf2x fequ9m0 f44lkw9 fdrzuqr f15x8b5r fphbwmw f8w4c43 f4lkoma fg455y9 f1rvyvqg f1cwzwz f14g86mu f1dcs8yz fuigjrg fjwq6ea f1lr3nhc fn5gmvv f1mbxvi6 f1vmkb5g f53ppgq f1663y11 f18v5270 f80fkiy f1y0svfh fihuait fnxhupq fx507ft fyd6l6x f1062rbf"
    disabled={true}
    onClick={[Function]}
    type="button"
  >
    <span
      className="fui-Button__icon rywnvv2 ___963sj20_1qpm2bl f1nizpg2"
    >
      <svg
        aria-hidden={true}
        className="fui-Icon-filled ___1vjqft9_1uxjcqz fjseox fez10in fg4l7m0"
        fill="currentColor"
        height="1em"
        viewBox="0 0 20 20"
        width="1em"
        xmlns="http://www.w3.org/2000/svg"
      >
        <path
          d="M4.2 12.27a.75.75 0 0 1 .03-1.06l5.25-5a.75.75 0 0 1 1.04 0l5.25 5a.75.75 0 0 1-1.04 1.08L10 7.8l-4.73 4.5a.75.75 0 0 1-1.06-.02Z"
          fill="currentColor"
        />
      </svg>
      <svg
        aria-hidden={true}
        className="fui-Icon-regular ___12fm75w_1vnroxd f1w7gpdv fez10in fg4l7m0"
        fill="currentColor"
        height="1em"
        viewBox="0 0 20 20"
        width="1em"
        xmlns="http://www.w3.org/2000/svg"
      >
        <path
          d="M4.15 12.35a.5.5 0 0 1 0-.7L9.6 6.16a.55.55 0 0 1 .78 0l5.46 5.49a.5.5 0 0 1-.7.7L10 7.2l-5.15 5.16a.5.5 0 0 1-.7 0Z"
          fill="currentColor"
        />
      </svg>
    </span>
    Previous task
  </button>
  <button
    className="fui-Button r1alrhcs nav-button ___1k7dwzu_lfpta40 fhovq9v f1p3nwhy f11589ue f1q5o8ev f1pdflbu fkfq4zb f1t94bn6 f1s2uweq fr80ssc f1ukrpxl fecsdlb fnwyq0v ft1hn21 fuxngvv fy5bs14 fsv2rcd f1h0usnq fs4ktlq f16h9ulv fx2bmrt f1omzyqd f1dfjoow f1j98vj9 fj8yq94 f4xjyn1 f1et0tmh f9ddjv3 f1wi8ngl f44lkw9 f1062rbf"
    disabled={false}
    onClick={[Function]}
    type="button"
  >
    <span
      className="fui-Button__icon rywnvv2 ___963sj20_1qpm2bl f1nizpg2"
    >
      <svg
        aria-hidden={true}
        className="fui-Icon-filled ___1vjqft9_1uxjcqz fjseox fez10in fg4l7m0"
        fill="currentColor"
        height="1em"
        viewBox="0 0 20 20"
        width="1em"
        xmlns="http://www.w3.org/2000/svg"
      >
        <path
          d="M15.8 7.73c.28.3.27.78-.03 1.06l-5.25 5a.75.75 0 0 1-1.04 0l-5.25-5a.75.75 0 0 1 1.04-1.08L10 12.2l4.73-4.5a.75.75 0 0 1 1.06.02Z"
          fill="currentColor"
        />
      </svg>
      <svg
        aria-hidden={true}
        className="fui-Icon-regular ___12fm75w_1vnroxd f1w7gpdv fez10in fg4l7m0"
        fill="currentColor"
        height="1em"
        viewBox="0 0 20 20"
        width="1em"
        xmlns="http://www.w3.org/2000/svg"
      >
        <path
          d="M15.85 7.65c.2.2.2.5 0 .7l-5.46 5.49a.55.55 0 0 1-.78 0L4.15 8.35a.5.5 0 1 1 .7-.7L10 12.8l5.15-5.16c.2-.2.5-.2.7 0Z"
          fill="currentColor"
        />
      </svg>
    </span>
    Next task
  </button>
</div>
`;
