// Vitest Snapshot v1, https://vitest.dev/guide/snapshot.html

exports[`lib/flyout2/flyoutballoon > should not render when not expanded 1`] = `null`;
