// Jest Snapshot v1, https://goo.gl/fbAQLP

exports[`ui/workflowparameters/workflowparameter should construct. 1`] = `
<StyledPanelBase
  aria-label="panel"
  className="msla-panel-container"
  customWidth="630px"
  focusTrapZoneProps={
    Object {
      "disabled": false,
    }
  }
  hasCloseButton={false}
  headerClassName="msla-panel-header"
  headerText="test title"
  isBlocking={false}
  isOpen={true}
  onRenderHeader={[Function]}
  styles={
    Object {
      "content": Object {
        "padding": "1rem 2rem",
      },
      "main": Object {
        "overflow": "hidden",
      },
      "scrollableContent": Object {
        "height": "100%",
      },
    }
  }
  type={7}
>
  <React.Fragment>
    <PanelContent
      tabs={Object {}}
      trackEvent={[MockFunction]}
    />
  </React.Fragment>
</StyledPanelBase>
`;
