// Jest Snapshot v1, https://goo.gl/fbAQLP

exports[`ui/workflowparameters/workflowparameter should construct. 1`] = `
<div
  id="msla-node-details-panel-"
>
  <ForwardRef
    aria-label="more panels"
  >
    <TabList
      onTabSelect={[Function]}
      style={
        Object {
          "margin": "0px -12px",
        }
      }
    >
      <OverflowMenu
        tabs={Array []}
      />
    </TabList>
  </ForwardRef>
  <div
    className="msla-panel-content-container"
  />
</div>
`;
