// Vitest Snapshot v1, https://vitest.dev/guide/snapshot.html

exports[`InputsPanel > should render error state 1`] = `
<DocumentFragment>
  <div
    class="msla-trace-inputs-outputs"
  >
    <div
      class="msla-trace-inputs-outputs-header"
    >
      <div
        style="border-radius: 8px; background: rgb(0, 0, 0); min-height: 32px; min-width: 6px;"
      />
      <button
        aria-expanded="true"
        class="fui-Button r1alrhcs ___13arsol_wkbbhs0 fhovq9v f1p3nwhy f11589ue f1q5o8ev f1pdflbu fkfq4zb f1t94bn6 f1s2uweq fr80ssc f1ukrpxl fecsdlb fnwyq0v ft1hn21 fuxngvv fy5bs14 fsv2rcd f1h0usnq fs4ktlq f16h9ulv fx2bmrt f1omzyqd f1dfjoow f1j98vj9 fj8yq94 f4xjyn1 f1et0tmh f9ddjv3 f1wi8ngl"
        style="justify-content: flex-start; flex-grow: 1;"
        type="button"
      >
        <span
          class="fui-Button__icon rywnvv2 ___963sj20_1qpm2bl f1nizpg2"
        >
          <svg
            aria-hidden="true"
            class="fui-Icon-filled ___1vjqft9_1uxjcqz fjseox fez10in fg4l7m0"
            fill="currentColor"
            height="24"
            viewBox="0 0 24 24"
            width="24"
            xmlns="http://www.w3.org/2000/svg"
          >
            <path
              d="M4.3 8.3a1 1 0 0 1 1.4 0l6.3 6.29 6.3-6.3a1 1 0 1 1 1.4 1.42l-7 7a1 1 0 0 1-1.4 0l-7-7a1 1 0 0 1 0-1.42Z"
              fill="currentColor"
            />
          </svg>
          <svg
            aria-hidden="true"
            class="fui-Icon-regular ___12fm75w_1vnroxd f1w7gpdv fez10in fg4l7m0"
            fill="currentColor"
            height="24"
            viewBox="0 0 24 24"
            width="24"
            xmlns="http://www.w3.org/2000/svg"
          >
            <path
              d="M4.22 8.47c.3-.3.77-.3 1.06 0L12 15.19l6.72-6.72a.75.75 0 1 1 1.06 1.06l-7.25 7.25c-.3.3-.77.3-1.06 0L4.22 9.53a.75.75 0 0 1 0-1.06Z"
              fill="currentColor"
            />
          </svg>
        </span>
        Inputs
      </button>
      <button
        class="fui-Button r1alrhcs msla-show-raw-button ___13arsol_wkbbhs0 fhovq9v f1p3nwhy f11589ue f1q5o8ev f1pdflbu fkfq4zb f1t94bn6 f1s2uweq fr80ssc f1ukrpxl fecsdlb fnwyq0v ft1hn21 fuxngvv fy5bs14 fsv2rcd f1h0usnq fs4ktlq f16h9ulv fx2bmrt f1omzyqd f1dfjoow f1j98vj9 fj8yq94 f4xjyn1 f1et0tmh f9ddjv3 f1wi8ngl"
        type="button"
      >
        Show raw inputs
        <span
          class="fui-Button__icon rywnvv2 ___1yz413i_pen21v0 f1a695kz"
        >
          <svg
            aria-hidden="true"
            class="fui-Icon-filled ___1vjqft9_1uxjcqz fjseox fez10in fg4l7m0"
            fill="currentColor"
            height="1em"
            viewBox="0 0 20 20"
            width="1em"
            xmlns="http://www.w3.org/2000/svg"
          >
            <path
              d="M7.73 4.2a.75.75 0 0 1 1.06.03l5 5.25c.28.3.28.75 0 1.04l-5 5.25a.75.75 0 1 1-1.08-1.04L12.2 10l-4.5-4.73a.75.75 0 0 1 .02-1.06Z"
              fill="currentColor"
            />
          </svg>
          <svg
            aria-hidden="true"
            class="fui-Icon-regular ___12fm75w_1vnroxd f1w7gpdv fez10in fg4l7m0"
            fill="currentColor"
            height="1em"
            viewBox="0 0 20 20"
            width="1em"
            xmlns="http://www.w3.org/2000/svg"
          >
            <path
              d="M7.65 4.15c.2-.2.5-.2.7 0l5.49 5.46c.21.22.21.57 0 .78l-5.49 5.46a.5.5 0 0 1-.7-.7L12.8 10 7.65 4.85a.5.5 0 0 1 0-.7Z"
              fill="currentColor"
            />
          </svg>
        </span>
      </button>
    </div>
    <div
      aria-labelledby="inputs-node1"
      class="msla-trace-values"
    >
      <section
        class="msla-trace-value-label"
      >
        <label
          class="msla-trace-value-display-name"
        />
        <div
          class="msla-colorizer-json-body"
        >
          <div
            aria-readonly="true"
            class="msla-colorizer-wrapper"
            role="textbox"
            tabindex="0"
          >
            <div
              class="buttons"
            >
              <button
                aria-label="Copy the value of '' to the clipboard"
                class="fui-Button r1alrhcs ___w3o4yv0_df8ghi0 fhovq9v f1p3nwhy f11589ue f1q5o8ev f1pdflbu fkfq4zb f1t94bn6 f1s2uweq fr80ssc f1ukrpxl fecsdlb fnwyq0v ft1hn21 fuxngvv fy5bs14 fsv2rcd f1h0usnq fs4ktlq f16h9ulv fx2bmrt f1omzyqd f1dfjoow f1j98vj9 fj8yq94 f4xjyn1 f1et0tmh f9ddjv3 f1wi8ngl f18ktai2 fwbmr0d f44c6la"
                type="button"
              >
                <span
                  class="fui-Button__icon rywnvv2"
                >
                  <svg
                    aria-hidden="true"
                    class="fui-Icon-filled ___1vjqft9_1uxjcqz fjseox fez10in fg4l7m0"
                    fill="currentColor"
                    height="1em"
                    viewBox="0 0 20 20"
                    width="1em"
                    xmlns="http://www.w3.org/2000/svg"
                  >
                    <path
                      d="M6 4c0-1.1.9-2 2-2h6a2 2 0 0 1 2 2v10a2 2 0 0 1-2 2H8a2 2 0 0 1-2-2V4ZM4 6a2 2 0 0 1 1-1.73V14.5A2.5 2.5 0 0 0 7.5 17h6.23A2 2 0 0 1 12 18H7.5A3.5 3.5 0 0 1 4 14.5V6Z"
                      fill="currentColor"
                    />
                  </svg>
                  <svg
                    aria-hidden="true"
                    class="fui-Icon-regular ___12fm75w_1vnroxd f1w7gpdv fez10in fg4l7m0"
                    fill="currentColor"
                    height="1em"
                    viewBox="0 0 20 20"
                    width="1em"
                    xmlns="http://www.w3.org/2000/svg"
                  >
                    <path
                      d="M8 2a2 2 0 0 0-2 2v10c0 1.1.9 2 2 2h6a2 2 0 0 0 2-2V4a2 2 0 0 0-2-2H8ZM7 4a1 1 0 0 1 1-1h6a1 1 0 0 1 1 1v10a1 1 0 0 1-1 1H8a1 1 0 0 1-1-1V4ZM4 6a2 2 0 0 1 1-1.73V14.5A2.5 2.5 0 0 0 7.5 17h6.23A2 2 0 0 1 12 18H7.5A3.5 3.5 0 0 1 4 14.5V6Z"
                      fill="currentColor"
                    />
                  </svg>
                </span>
              </button>
            </div>
            <pre
              class="prism-code language-json"
              style="color: rgb(0, 0, 0); background-color: rgb(255, 255, 255);"
            >
              <div
                class="token-line"
                style="color: rgb(0, 0, 0);"
              >
                <span
                  class="token plain"
                >
                  â€Œ
                </span>
              </div>
            </pre>
          </div>
        </div>
      </section>
    </div>
    <div
      aria-orientation="horizontal"
      class="fui-Divider ___14drqcq_z8b5q40 f122n59 f1ewtqcl f22iagw f1063pyq fqerorx f10pi13n fk6fouc fy9rknc figsok6 fwrc4pm f17mccla fyl8oag f16vkdww fhsnbul f1gw3sf2 f1ly5f7u f1s3tz6t f1wl9k8s f13zj6fq fkfq4zb f1vccso1 f1geml7w f1r7kh1m fjml6kk f16j7guv fx01ahm fl8d8yv fj1a37q fly5x3f f163fonl f51yk4v f13rof3u f8rth92 f6czdpx f1iyka9k fzynn9s fekrn8e f1kyqvp9 fesgyo"
      role="separator"
    />
  </div>
</DocumentFragment>
`;

exports[`InputsPanel > should render loading state 1`] = `
<DocumentFragment>
  <div
    class="msla-trace-inputs-outputs"
  >
    <div
      class="msla-trace-inputs-outputs-header"
    >
      <div
        style="border-radius: 8px; background: rgb(0, 0, 0); min-height: 32px; min-width: 6px;"
      />
      <button
        aria-expanded="true"
        class="fui-Button r1alrhcs ___13arsol_wkbbhs0 fhovq9v f1p3nwhy f11589ue f1q5o8ev f1pdflbu fkfq4zb f1t94bn6 f1s2uweq fr80ssc f1ukrpxl fecsdlb fnwyq0v ft1hn21 fuxngvv fy5bs14 fsv2rcd f1h0usnq fs4ktlq f16h9ulv fx2bmrt f1omzyqd f1dfjoow f1j98vj9 fj8yq94 f4xjyn1 f1et0tmh f9ddjv3 f1wi8ngl"
        style="justify-content: flex-start; flex-grow: 1;"
        type="button"
      >
        <span
          class="fui-Button__icon rywnvv2 ___963sj20_1qpm2bl f1nizpg2"
        >
          <svg
            aria-hidden="true"
            class="fui-Icon-filled ___1vjqft9_1uxjcqz fjseox fez10in fg4l7m0"
            fill="currentColor"
            height="24"
            viewBox="0 0 24 24"
            width="24"
            xmlns="http://www.w3.org/2000/svg"
          >
            <path
              d="M4.3 8.3a1 1 0 0 1 1.4 0l6.3 6.29 6.3-6.3a1 1 0 1 1 1.4 1.42l-7 7a1 1 0 0 1-1.4 0l-7-7a1 1 0 0 1 0-1.42Z"
              fill="currentColor"
            />
          </svg>
          <svg
            aria-hidden="true"
            class="fui-Icon-regular ___12fm75w_1vnroxd f1w7gpdv fez10in fg4l7m0"
            fill="currentColor"
            height="24"
            viewBox="0 0 24 24"
            width="24"
            xmlns="http://www.w3.org/2000/svg"
          >
            <path
              d="M4.22 8.47c.3-.3.77-.3 1.06 0L12 15.19l6.72-6.72a.75.75 0 1 1 1.06 1.06l-7.25 7.25c-.3.3-.77.3-1.06 0L4.22 9.53a.75.75 0 0 1 0-1.06Z"
              fill="currentColor"
            />
          </svg>
        </span>
        Inputs
      </button>
      <button
        class="fui-Button r1alrhcs msla-show-raw-button ___13arsol_wkbbhs0 fhovq9v f1p3nwhy f11589ue f1q5o8ev f1pdflbu fkfq4zb f1t94bn6 f1s2uweq fr80ssc f1ukrpxl fecsdlb fnwyq0v ft1hn21 fuxngvv fy5bs14 fsv2rcd f1h0usnq fs4ktlq f16h9ulv fx2bmrt f1omzyqd f1dfjoow f1j98vj9 fj8yq94 f4xjyn1 f1et0tmh f9ddjv3 f1wi8ngl"
        type="button"
      >
        Show raw inputs
        <span
          class="fui-Button__icon rywnvv2 ___1yz413i_pen21v0 f1a695kz"
        >
          <svg
            aria-hidden="true"
            class="fui-Icon-filled ___1vjqft9_1uxjcqz fjseox fez10in fg4l7m0"
            fill="currentColor"
            height="1em"
            viewBox="0 0 20 20"
            width="1em"
            xmlns="http://www.w3.org/2000/svg"
          >
            <path
              d="M7.73 4.2a.75.75 0 0 1 1.06.03l5 5.25c.28.3.28.75 0 1.04l-5 5.25a.75.75 0 1 1-1.08-1.04L12.2 10l-4.5-4.73a.75.75 0 0 1 .02-1.06Z"
              fill="currentColor"
            />
          </svg>
          <svg
            aria-hidden="true"
            class="fui-Icon-regular ___12fm75w_1vnroxd f1w7gpdv fez10in fg4l7m0"
            fill="currentColor"
            height="1em"
            viewBox="0 0 20 20"
            width="1em"
            xmlns="http://www.w3.org/2000/svg"
          >
            <path
              d="M7.65 4.15c.2-.2.5-.2.7 0l5.49 5.46c.21.22.21.57 0 .78l-5.49 5.46a.5.5 0 0 1-.7-.7L12.8 10 7.65 4.85a.5.5 0 0 1 0-.7Z"
              fill="currentColor"
            />
          </svg>
        </span>
      </button>
    </div>
    <div
      aria-labelledby="inputs-node1"
      class="msla-trace-values"
    >
      <section
        class="msla-trace-value-label"
      >
        <label
          class="msla-trace-value-display-name"
        />
        <div
          class="msla-colorizer-json-body"
        >
          <div
            aria-readonly="true"
            class="msla-colorizer-wrapper"
            role="textbox"
            tabindex="0"
          >
            <div
              class="buttons"
            >
              <button
                aria-label="Copy the value of '' to the clipboard"
                class="fui-Button r1alrhcs ___w3o4yv0_df8ghi0 fhovq9v f1p3nwhy f11589ue f1q5o8ev f1pdflbu fkfq4zb f1t94bn6 f1s2uweq fr80ssc f1ukrpxl fecsdlb fnwyq0v ft1hn21 fuxngvv fy5bs14 fsv2rcd f1h0usnq fs4ktlq f16h9ulv fx2bmrt f1omzyqd f1dfjoow f1j98vj9 fj8yq94 f4xjyn1 f1et0tmh f9ddjv3 f1wi8ngl f18ktai2 fwbmr0d f44c6la"
                type="button"
              >
                <span
                  class="fui-Button__icon rywnvv2"
                >
                  <svg
                    aria-hidden="true"
                    class="fui-Icon-filled ___1vjqft9_1uxjcqz fjseox fez10in fg4l7m0"
                    fill="currentColor"
                    height="1em"
                    viewBox="0 0 20 20"
                    width="1em"
                    xmlns="http://www.w3.org/2000/svg"
                  >
                    <path
                      d="M6 4c0-1.1.9-2 2-2h6a2 2 0 0 1 2 2v10a2 2 0 0 1-2 2H8a2 2 0 0 1-2-2V4ZM4 6a2 2 0 0 1 1-1.73V14.5A2.5 2.5 0 0 0 7.5 17h6.23A2 2 0 0 1 12 18H7.5A3.5 3.5 0 0 1 4 14.5V6Z"
                      fill="currentColor"
                    />
                  </svg>
                  <svg
                    aria-hidden="true"
                    class="fui-Icon-regular ___12fm75w_1vnroxd f1w7gpdv fez10in fg4l7m0"
                    fill="currentColor"
                    height="1em"
                    viewBox="0 0 20 20"
                    width="1em"
                    xmlns="http://www.w3.org/2000/svg"
                  >
                    <path
                      d="M8 2a2 2 0 0 0-2 2v10c0 1.1.9 2 2 2h6a2 2 0 0 0 2-2V4a2 2 0 0 0-2-2H8ZM7 4a1 1 0 0 1 1-1h6a1 1 0 0 1 1 1v10a1 1 0 0 1-1 1H8a1 1 0 0 1-1-1V4ZM4 6a2 2 0 0 1 1-1.73V14.5A2.5 2.5 0 0 0 7.5 17h6.23A2 2 0 0 1 12 18H7.5A3.5 3.5 0 0 1 4 14.5V6Z"
                      fill="currentColor"
                    />
                  </svg>
                </span>
              </button>
            </div>
            <pre
              class="prism-code language-json"
              style="color: rgb(0, 0, 0); background-color: rgb(255, 255, 255);"
            >
              <div
                class="token-line"
                style="color: rgb(0, 0, 0);"
              >
                <span
                  class="token plain"
                >
                  â€Œ
                </span>
              </div>
            </pre>
          </div>
        </div>
      </section>
    </div>
    <div
      aria-orientation="horizontal"
      class="fui-Divider ___14drqcq_z8b5q40 f122n59 f1ewtqcl f22iagw f1063pyq fqerorx f10pi13n fk6fouc fy9rknc figsok6 fwrc4pm f17mccla fyl8oag f16vkdww fhsnbul f1gw3sf2 f1ly5f7u f1s3tz6t f1wl9k8s f13zj6fq fkfq4zb f1vccso1 f1geml7w f1r7kh1m fjml6kk f16j7guv fx01ahm fl8d8yv fj1a37q fly5x3f f163fonl f51yk4v f13rof3u f8rth92 f6czdpx f1iyka9k fzynn9s fekrn8e f1kyqvp9 fesgyo"
      role="separator"
    />
  </div>
</DocumentFragment>
`;

exports[`InputsPanel > should render the InputsPanel with inputs 1`] = `
<DocumentFragment>
  <div
    class="msla-trace-inputs-outputs"
  >
    <div
      class="msla-trace-inputs-outputs-header"
    >
      <div
        style="border-radius: 8px; background: rgb(0, 0, 0); min-height: 32px; min-width: 6px;"
      />
      <button
        aria-expanded="true"
        class="fui-Button r1alrhcs ___13arsol_wkbbhs0 fhovq9v f1p3nwhy f11589ue f1q5o8ev f1pdflbu fkfq4zb f1t94bn6 f1s2uweq fr80ssc f1ukrpxl fecsdlb fnwyq0v ft1hn21 fuxngvv fy5bs14 fsv2rcd f1h0usnq fs4ktlq f16h9ulv fx2bmrt f1omzyqd f1dfjoow f1j98vj9 fj8yq94 f4xjyn1 f1et0tmh f9ddjv3 f1wi8ngl"
        style="justify-content: flex-start; flex-grow: 1;"
        type="button"
      >
        <span
          class="fui-Button__icon rywnvv2 ___963sj20_1qpm2bl f1nizpg2"
        >
          <svg
            aria-hidden="true"
            class="fui-Icon-filled ___1vjqft9_1uxjcqz fjseox fez10in fg4l7m0"
            fill="currentColor"
            height="24"
            viewBox="0 0 24 24"
            width="24"
            xmlns="http://www.w3.org/2000/svg"
          >
            <path
              d="M4.3 8.3a1 1 0 0 1 1.4 0l6.3 6.29 6.3-6.3a1 1 0 1 1 1.4 1.42l-7 7a1 1 0 0 1-1.4 0l-7-7a1 1 0 0 1 0-1.42Z"
              fill="currentColor"
            />
          </svg>
          <svg
            aria-hidden="true"
            class="fui-Icon-regular ___12fm75w_1vnroxd f1w7gpdv fez10in fg4l7m0"
            fill="currentColor"
            height="24"
            viewBox="0 0 24 24"
            width="24"
            xmlns="http://www.w3.org/2000/svg"
          >
            <path
              d="M4.22 8.47c.3-.3.77-.3 1.06 0L12 15.19l6.72-6.72a.75.75 0 1 1 1.06 1.06l-7.25 7.25c-.3.3-.77.3-1.06 0L4.22 9.53a.75.75 0 0 1 0-1.06Z"
              fill="currentColor"
            />
          </svg>
        </span>
        Inputs
      </button>
      <button
        class="fui-Button r1alrhcs msla-show-raw-button ___13arsol_wkbbhs0 fhovq9v f1p3nwhy f11589ue f1q5o8ev f1pdflbu fkfq4zb f1t94bn6 f1s2uweq fr80ssc f1ukrpxl fecsdlb fnwyq0v ft1hn21 fuxngvv fy5bs14 fsv2rcd f1h0usnq fs4ktlq f16h9ulv fx2bmrt f1omzyqd f1dfjoow f1j98vj9 fj8yq94 f4xjyn1 f1et0tmh f9ddjv3 f1wi8ngl"
        type="button"
      >
        Show raw inputs
        <span
          class="fui-Button__icon rywnvv2 ___1yz413i_pen21v0 f1a695kz"
        >
          <svg
            aria-hidden="true"
            class="fui-Icon-filled ___1vjqft9_1uxjcqz fjseox fez10in fg4l7m0"
            fill="currentColor"
            height="1em"
            viewBox="0 0 20 20"
            width="1em"
            xmlns="http://www.w3.org/2000/svg"
          >
            <path
              d="M7.73 4.2a.75.75 0 0 1 1.06.03l5 5.25c.28.3.28.75 0 1.04l-5 5.25a.75.75 0 1 1-1.08-1.04L12.2 10l-4.5-4.73a.75.75 0 0 1 .02-1.06Z"
              fill="currentColor"
            />
          </svg>
          <svg
            aria-hidden="true"
            class="fui-Icon-regular ___12fm75w_1vnroxd f1w7gpdv fez10in fg4l7m0"
            fill="currentColor"
            height="1em"
            viewBox="0 0 20 20"
            width="1em"
            xmlns="http://www.w3.org/2000/svg"
          >
            <path
              d="M7.65 4.15c.2-.2.5-.2.7 0l5.49 5.46c.21.22.21.57 0 .78l-5.49 5.46a.5.5 0 0 1-.7-.7L12.8 10 7.65 4.85a.5.5 0 0 1 0-.7Z"
              fill="currentColor"
            />
          </svg>
        </span>
      </button>
    </div>
    <div
      aria-labelledby="inputs-node1"
      class="msla-trace-values"
    >
      <section
        class="msla-trace-value-label"
      >
        <label
          class="msla-trace-value-display-name"
        />
        <div
          class="msla-colorizer-json-body"
        >
          <div
            aria-readonly="true"
            class="msla-colorizer-wrapper"
            role="textbox"
            tabindex="0"
          >
            <div
              class="buttons"
            >
              <button
                aria-label="Copy the value of '' to the clipboard"
                class="fui-Button r1alrhcs ___w3o4yv0_df8ghi0 fhovq9v f1p3nwhy f11589ue f1q5o8ev f1pdflbu fkfq4zb f1t94bn6 f1s2uweq fr80ssc f1ukrpxl fecsdlb fnwyq0v ft1hn21 fuxngvv fy5bs14 fsv2rcd f1h0usnq fs4ktlq f16h9ulv fx2bmrt f1omzyqd f1dfjoow f1j98vj9 fj8yq94 f4xjyn1 f1et0tmh f9ddjv3 f1wi8ngl f18ktai2 fwbmr0d f44c6la"
                type="button"
              >
                <span
                  class="fui-Button__icon rywnvv2"
                >
                  <svg
                    aria-hidden="true"
                    class="fui-Icon-filled ___1vjqft9_1uxjcqz fjseox fez10in fg4l7m0"
                    fill="currentColor"
                    height="1em"
                    viewBox="0 0 20 20"
                    width="1em"
                    xmlns="http://www.w3.org/2000/svg"
                  >
                    <path
                      d="M6 4c0-1.1.9-2 2-2h6a2 2 0 0 1 2 2v10a2 2 0 0 1-2 2H8a2 2 0 0 1-2-2V4ZM4 6a2 2 0 0 1 1-1.73V14.5A2.5 2.5 0 0 0 7.5 17h6.23A2 2 0 0 1 12 18H7.5A3.5 3.5 0 0 1 4 14.5V6Z"
                      fill="currentColor"
                    />
                  </svg>
                  <svg
                    aria-hidden="true"
                    class="fui-Icon-regular ___12fm75w_1vnroxd f1w7gpdv fez10in fg4l7m0"
                    fill="currentColor"
                    height="1em"
                    viewBox="0 0 20 20"
                    width="1em"
                    xmlns="http://www.w3.org/2000/svg"
                  >
                    <path
                      d="M8 2a2 2 0 0 0-2 2v10c0 1.1.9 2 2 2h6a2 2 0 0 0 2-2V4a2 2 0 0 0-2-2H8ZM7 4a1 1 0 0 1 1-1h6a1 1 0 0 1 1 1v10a1 1 0 0 1-1 1H8a1 1 0 0 1-1-1V4ZM4 6a2 2 0 0 1 1-1.73V14.5A2.5 2.5 0 0 0 7.5 17h6.23A2 2 0 0 1 12 18H7.5A3.5 3.5 0 0 1 4 14.5V6Z"
                      fill="currentColor"
                    />
                  </svg>
                </span>
              </button>
            </div>
            <pre
              class="prism-code language-json"
              style="color: rgb(0, 0, 0); background-color: rgb(255, 255, 255);"
            >
              <div
                class="token-line"
                style="color: rgb(0, 0, 0);"
              >
                <span
                  class="token plain"
                >
                  â€Œ
                </span>
              </div>
            </pre>
          </div>
        </div>
      </section>
    </div>
    <div
      aria-orientation="horizontal"
      class="fui-Divider ___14drqcq_z8b5q40 f122n59 f1ewtqcl f22iagw f1063pyq fqerorx f10pi13n fk6fouc fy9rknc figsok6 fwrc4pm f17mccla fyl8oag f16vkdww fhsnbul f1gw3sf2 f1ly5f7u f1s3tz6t f1wl9k8s f13zj6fq fkfq4zb f1vccso1 f1geml7w f1r7kh1m fjml6kk f16j7guv fx01ahm fl8d8yv fj1a37q fly5x3f f163fonl f51yk4v f13rof3u f8rth92 f6czdpx f1iyka9k fzynn9s fekrn8e f1kyqvp9 fesgyo"
      role="separator"
    />
  </div>
</DocumentFragment>
`;

exports[`InputsPanel > should render the InputsPanel with no inputs 1`] = `
<DocumentFragment>
  <div
    class="msla-trace-inputs-outputs"
  >
    <div
      class="msla-trace-inputs-outputs-header"
    >
      <div
        style="border-radius: 8px; background: rgb(0, 0, 0); min-height: 32px; min-width: 6px;"
      />
      <button
        aria-expanded="true"
        class="fui-Button r1alrhcs ___13arsol_wkbbhs0 fhovq9v f1p3nwhy f11589ue f1q5o8ev f1pdflbu fkfq4zb f1t94bn6 f1s2uweq fr80ssc f1ukrpxl fecsdlb fnwyq0v ft1hn21 fuxngvv fy5bs14 fsv2rcd f1h0usnq fs4ktlq f16h9ulv fx2bmrt f1omzyqd f1dfjoow f1j98vj9 fj8yq94 f4xjyn1 f1et0tmh f9ddjv3 f1wi8ngl"
        style="justify-content: flex-start; flex-grow: 1;"
        type="button"
      >
        <span
          class="fui-Button__icon rywnvv2 ___963sj20_1qpm2bl f1nizpg2"
        >
          <svg
            aria-hidden="true"
            class="fui-Icon-filled ___1vjqft9_1uxjcqz fjseox fez10in fg4l7m0"
            fill="currentColor"
            height="24"
            viewBox="0 0 24 24"
            width="24"
            xmlns="http://www.w3.org/2000/svg"
          >
            <path
              d="M4.3 8.3a1 1 0 0 1 1.4 0l6.3 6.29 6.3-6.3a1 1 0 1 1 1.4 1.42l-7 7a1 1 0 0 1-1.4 0l-7-7a1 1 0 0 1 0-1.42Z"
              fill="currentColor"
            />
          </svg>
          <svg
            aria-hidden="true"
            class="fui-Icon-regular ___12fm75w_1vnroxd f1w7gpdv fez10in fg4l7m0"
            fill="currentColor"
            height="24"
            viewBox="0 0 24 24"
            width="24"
            xmlns="http://www.w3.org/2000/svg"
          >
            <path
              d="M4.22 8.47c.3-.3.77-.3 1.06 0L12 15.19l6.72-6.72a.75.75 0 1 1 1.06 1.06l-7.25 7.25c-.3.3-.77.3-1.06 0L4.22 9.53a.75.75 0 0 1 0-1.06Z"
              fill="currentColor"
            />
          </svg>
        </span>
        Inputs
      </button>
    </div>
    <div
      class="msla-trace-values"
    >
      <div
        class="msla-trace-download-link"
      >
        <a
          aria-label="Download (Alt or Option + select)"
          class="ms-Link root-184"
          download=""
          href="http://example.com"
          rel="noopener"
          target="_blank"
        >
          Download (Alt or Option + select)
        </a>
      </div>
    </div>
    <div
      aria-orientation="horizontal"
      class="fui-Divider ___14drqcq_z8b5q40 f122n59 f1ewtqcl f22iagw f1063pyq fqerorx f10pi13n fk6fouc fy9rknc figsok6 fwrc4pm f17mccla fyl8oag f16vkdww fhsnbul f1gw3sf2 f1ly5f7u f1s3tz6t f1wl9k8s f13zj6fq fkfq4zb f1vccso1 f1geml7w f1r7kh1m fjml6kk f16j7guv fx01ahm fl8d8yv fj1a37q fly5x3f f163fonl f51yk4v f13rof3u f8rth92 f6czdpx f1iyka9k fzynn9s fekrn8e f1kyqvp9 fesgyo"
      role="separator"
    />
  </div>
</DocumentFragment>
`;

exports[`InputsPanel > should render the InputsPanel with secure inputs 1`] = `
<DocumentFragment>
  <section
    class="msla-trace-inputs-outputs"
  >
    <div
      class="msla-trace-inputs-outputs-header"
    >
      <div
        class="msla-trace-inputs-outputs-header-text"
        style="border-color: #000000b3;"
      >
        Inputs
      </div>
    </div>
    <div
      class="msla-trace-values"
    >
      <div
        class="msla-trace-inputs-outputs-secured"
      >
        <div
          class="msla-trace-secured-text"
        >
          Content not shown due to security configuration.
        </div>
      </div>
    </div>
  </section>
</DocumentFragment>
`;
