// Jest Snapshot v1, https://goo.gl/fbAQLP

exports[`ui/settings/settingsection should construct 1`] = `
<div
  className="msla-setting-section"
>
  <div
    className="msla-setting-section-content"
  >
    <button
      className="msla-setting-section-header"
      onClick={[Function]}
    >
      <Memo(Icon)
        aria-label="Collapsed Sample Setting Section, Click to Expand"
        className="msla-setting-section-header-icon"
        iconName="ChevronRightMed"
        styles={
          Object {
            "root": Object {
              "color": "#514f4e",
              "fontSize": 14,
            },
          }
        }
      />
      <div
        className="msla-setting-section-header-text"
      >
        Sample Setting Section
      </div>
    </button>
    <React.Fragment>
      <Separator
        className="msla-setting-section-separator"
        styles={
          Object {
            "root": Object {
              "color": "#eaeaea",
            },
          }
        }
      />
    </React.Fragment>
  </div>
</div>
`;
