// Jest Snapshot v1, https://goo.gl/fbAQLP

exports[`ui/workflowparameters/workflowparameters should construct. 1`] = `
<div
  className="msla-workflow-parameters"
>
  <div
    className="msla-workflow-parameters-heading"
  >
    <Text
      variant="xLarge"
    >
      Parameters
    </Text>
    <Button
      appearance="subtle"
      icon={<CompoundIcon />}
      onClick={[Function]}
    />
  </div>
  <InfoBar />
  <div
    className="msla-workflow-parameters-add"
  >
    <Button
      icon={<CompoundIcon />}
      onClick={[Function]}
    >
      Create parameter
    </Button>
  </div>
  <List
    items={
      Array [
        Object {
          "id": "test1",
          "isEditable": true,
          "name": "test",
          "type": "Bool",
          "value": "true",
        },
        Object {
          "id": "test2",
          "isEditable": false,
          "name": "test2",
          "type": "Object",
          "value": "{}",
        },
      ]
    }
    onRenderCell={[Function]}
    renderedWindowsAhead={2}
    renderedWindowsBehind={2}
    startIndex={0}
  />
</div>
`;
